Microchip MPLAB XC8 Compiler V2.31

Linker command line:

-W-3 \
  --edf=F:\Sistemas\Arquitectura Computacional\MPlabCompiler\pic\dat\en_msgs.txt \
  -cn -h+dist/default/production\gpio.X.production.sym \
  --cmf=dist/default/production\gpio.X.production.cmf -z -Q18F4550 \
  -oC:\Users\Daniel\AppData\Local\Temp\s4lk.3 --defsym=__MPLAB_BUILD=1 \
  -Mdist/default/production/gpio.X.production.map -E1 -ver=XC8 Compiler \
  --acfsm=1493 -ASTACK=060h-07FFh -pstack=STACK -ACODE=00h-07FFFh \
  -ACONST=00h-07FFFh -ASMALLCONST=0800h-08FFhx120 \
  -AMEDIUMCONST=0800h-07FFFh -ACOMRAM=01h-05Fh -AABS1=00h-07FFh \
  -ABIGRAM=01h-07FFh -ARAM=060h-0FFh,0100h-01FFhx7 -ABANK0=060h-0FFh \
  -ABANK1=0100h-01FFh -ABANK2=0200h-02FFh -ABANK3=0300h-03FFh \
  -ABANK4=0400h-04FFh -ABANK5=0500h-05FFh -ABANK6=0600h-06FFh \
  -ABANK7=0700h-07FFh -ASFR=0F60h-0FFFh -ACONFIG=0300000h-030000Dh \
  -AIDLOC=0200000h-0200007h -AEEDATA=0F00000h-0F000FFh -peeprom_data=EEDATA \
  -preset_vec=00h,intcode,intcodelo,powerup,init -pramtop=0800h \
  -psmallconst=SMALLCONST -pmediumconst=MEDIUMCONST -pconst=CONST \
  -AFARRAM=00h-00h \
  -prdata=COMRAM,nvrram=COMRAM,nvbit=COMRAM,rbss=COMRAM,rbit=COMRAM \
  -pfarbss=FARRAM,fardata=FARRAM,nvFARRAM=FARRAM \
  -pintsave_regs=BIGRAM,bigbss=BIGRAM,bigdata=BIGRAM -pbss=RAM \
  -pidata=CODE,irdata=CODE,ibigdata=CODE,ifardata=CODE -prparam=COMRAM \
  C:\Users\Daniel\AppData\Local\Temp\s4lk.o \
  dist/default/production\gpio.X.production.o 

Object code version is 3.11

Machine type is 18F4550



                Name                               Link     Load   Length Selector   Space Scale
C:\Users\Daniel\AppData\Local\Temp\s4lk.o
                idloc                            200000   200000        8        0       5
                config                           300000   300000        E        0       4
                init                                  0        0        4        0       0
dist/default/production\gpio.X.production.o
                idloc                            200000   200000        8        0       5
                config                           300000   300000        E        0       4
                text6                              76C6     76C6      162     3B63       0
                text5                              798A     798A      18A     3CC5       0
                text4                              7828     7828      162     3C14       0
                text3                              7B14     7B14      1B2     3D8A       0
                text2                              7CC6     7CC6      33A     3E63       0
                text1                              756A     756A      15C     3AB5       0
                text0                              74A6     74A6       C4     3A53       0
                cstackCOMRAM                          1        1        C        1       1
                dataCOMRAM                            D        D        5        1       1
                cinit                              747C     747C       2A     3A3E       0
                idataCOMRAM                        7477     7477        5     7477       0

TOTAL           Name                               Link     Load   Length     Space
        CLASS   STACK          

        CLASS   CODE           
                init                                  0        0        4         0
                text6                              76C6     76C6      162         0
                text5                              798A     798A      18A         0
                text4                              7828     7828      162         0
                text3                              7B14     7B14      1B2         0
                text2                              7CC6     7CC6      33A         0
                text1                              756A     756A      15C         0
                text0                              74A6     74A6       C4         0
                cinit                              747C     747C       2A         0
                idataCOMRAM                        7477     7477        5         0

        CLASS   CONST          

        CLASS   SMALLCONST     

        CLASS   MEDIUMCONST    

        CLASS   COMRAM         
                cstackCOMRAM                          1        1        C         1
                dataCOMRAM                            D        D        5         1

        CLASS   ABS1           

        CLASS   BIGRAM         

        CLASS   RAM            

        CLASS   BANK0          

        CLASS   BANK1          

        CLASS   BANK2          

        CLASS   BANK3          

        CLASS   BANK4          

        CLASS   BANK5          

        CLASS   BANK6          

        CLASS   BANK7          

        CLASS   SFR            

        CLASS   CONFIG         
                config                           300000   300000        E         4

        CLASS   IDLOC          
                idloc                            200000   200000        8         5

        CLASS   EEDATA         

        CLASS   FARRAM         



SEGMENTS        Name                           Load    Length   Top    Selector   Space  Class

                reset_vec                      000000  000004  000004         0       0  CODE    
                cstackCOMRAM                   000001  000011  000012         1       1  COMRAM  
                idataCOMRAM                    007477  000005  00747C      7477       0  CODE    
                cinit                          00747C  00002A  0074A6      3A3E       0  CODE    
                text0                          0074A6  0000C4  00756A      3A53       0  CODE    
                text1                          00756A  00015C  0076C6      3AB5       0  CODE    
                text6                          0076C6  000162  007828      3B63       0  CODE    
                text4                          007828  000162  00798A      3C14       0  CODE    
                text5                          00798A  00018A  007B14      3CC5       0  CODE    
                text3                          007B14  0001B2  007CC6      3D8A       0  CODE    
                text2                          007CC6  00033A  008000      3E63       0  CODE    


UNUSED ADDRESS RANGES

        Name                Unused          Largest block    Delta
        BANK0            000060-0000FF               A0
        BANK1            000100-0001FF              100
        BANK2            000200-0002FF              100
        BANK3            000300-0003FF              100
        BANK4            000400-0004FF              100
        BANK5            000500-0005FF              100
        BANK6            000600-0006FF              100
        BANK7            000700-0007FF              100
        BIGRAM           000012-0007FF              7EE
        CODE             000004-007476             7473
        COMRAM           000012-00005F               4E
        CONST            000004-007476             7473
        EEDATA           F00000-F000FF              100
        MEDIUMCONST      000800-007476             6C77
        RAM              000060-0007FF              100
        SFR              000F60-000FFF               A0
        SMALLCONST       000800-007476              100
        STACK            000060-0007FF              7A0

                                  Symbol Table

_INTCON2bits                 (abs)        000FF1
_LATD                        (abs)        000F8C
_PORTBbits                   (abs)        000F81
_TRISBbits                   (abs)        000F93
_TRISD                       (abs)        000F95
__HRAM                       (abs)        000000
__Habs1                      abs1         000000
__Hbank0                     bank0        000000
__Hbank1                     bank1        000000
__Hbank2                     bank2        000000
__Hbank3                     bank3        000000
__Hbank4                     bank4        000000
__Hbank5                     bank5        000000
__Hbank6                     bank6        000000
__Hbank7                     bank7        000000
__Hbigbss                    bigbss       000000
__Hbigdata                   bigdata      000000
__Hbigram                    bigram       000000
__Hbss                       bss          000000
__Hcinit                     cinit        000000
__Hclrtext                   clrtext      000000
__Hcomram                    comram       000000
__Hconfig                    config       30000E
__Hconst                     const        000000
__HcstackCOMRAM              cstackCOMRAM 000000
__Hdata                      data         000000
__HdataCOMRAM                dataCOMRAM   000000
__Heeprom_data               eeprom_data  000000
__Hfarbss                    farbss       000000
__Hfardata                   fardata      000000
__Hibigdata                  ibigdata     000000
__Hidata                     idata        000000
__HidataCOMRAM               idataCOMRAM  000000
__Hidloc                     idloc        200008
__Hifardata                  ifardata     000000
__Hinit                      init         000004
__Hintcode                   intcode      000000
__Hintcode_body              intcode_body 000000
__Hintcodelo                 intcodelo    000000
__Hintentry                  intentry     000000
__Hintret                    intret       000000
__Hintsave_regs              intsave_regs 000000
__Hirdata                    irdata       000000
__Hmediumconst               mediumconst  000000
__HnvFARRAM                  nvFARRAM     000000
__Hnvbit                     nvbit        000000
__Hnvrram                    nvrram       000000
__Hparam                     rparam       000000
__Hpowerup                   powerup      000000
__Hram                       ram          000000
__Hramtop                    ramtop       000800
__Hrbit                      rbit         000000
__Hrbss                      rbss         000000
__Hrdata                     rdata        000000
__Hreset_vec                 reset_vec    000000
__Hrparam                    rparam       000000
__Hsfr                       sfr          000000
__Hsmallconst                smallconst   000000
__Hspace_0                   (abs)        008000
__Hspace_1                   (abs)        000012
__Hspace_2                   (abs)        000000
__Hspace_4                   (abs)        60000E
__Hstack                     stack        000000
__Hstruct                    struct       000000
__Htemp                      temp         000000
__Htext                      text         000000
__Htext0                     text0        000000
__Htext1                     text1        000000
__Htext2                     text2        000000
__Htext3                     text3        000000
__Htext4                     text4        000000
__Htext5                     text5        000000
__Htext6                     text6        000000
__LRAM                       (abs)        000001
__Labs1                      abs1         000000
__Lbank0                     bank0        000000
__Lbank1                     bank1        000000
__Lbank2                     bank2        000000
__Lbank3                     bank3        000000
__Lbank4                     bank4        000000
__Lbank5                     bank5        000000
__Lbank6                     bank6        000000
__Lbank7                     bank7        000000
__Lbigbss                    bigbss       000000
__Lbigdata                   bigdata      000000
__Lbigram                    bigram       000000
__Lbss                       bss          000000
__Lcinit                     cinit        000000
__Lclrtext                   clrtext      000000
__Lcomram                    comram       000000
__Lconfig                    config       000000
__Lconst                     const        000000
__LcstackCOMRAM              cstackCOMRAM 000000
__Ldata                      data         000000
__LdataCOMRAM                dataCOMRAM   000000
__Leeprom_data               eeprom_data  000000
__Lfarbss                    farbss       000000
__Lfardata                   fardata      000000
__Libigdata                  ibigdata     000000
__Lidata                     idata        000000
__LidataCOMRAM               idataCOMRAM  000000
__Lidloc                     idloc        000000
__Lifardata                  ifardata     000000
__Linit                      init         000000
__Lintcode                   intcode      000000
__Lintcode_body              intcode_body 000000
__Lintcodelo                 intcodelo    000000
__Lintentry                  intentry     000000
__Lintret                    intret       000000
__Lintsave_regs              intsave_regs 000000
__Lirdata                    irdata       000000
__Lmediumconst               mediumconst  000000
__LnvFARRAM                  nvFARRAM     000000
__Lnvbit                     nvbit        000000
__Lnvrram                    nvrram       000000
__Lparam                     rparam       000000
__Lpowerup                   powerup      000000
__Lram                       ram          000000
__Lramtop                    ramtop       000800
__Lrbit                      rbit         000000
__Lrbss                      rbss         000000
__Lrdata                     rdata        000000
__Lreset_vec                 reset_vec    000000
__Lrparam                    rparam       000000
__Lsfr                       sfr          000000
__Lsmallconst                smallconst   000000
__Lspace_0                   (abs)        000000
__Lspace_1                   (abs)        000000
__Lspace_2                   (abs)        000000
__Lspace_4                   (abs)        000000
__Lstack                     stack        000000
__Lstruct                    struct       000000
__Ltemp                      temp         000000
__Ltext                      text         000000
__Ltext0                     text0        000000
__Ltext1                     text1        000000
__Ltext2                     text2        000000
__Ltext3                     text3        000000
__Ltext4                     text4        000000
__Ltext5                     text5        000000
__Ltext6                     text6        000000
__S0                         (abs)        008000
__S1                         (abs)        000012
__S2                         (abs)        000000
__S4                         (abs)        000000
__S5                         (abs)        000000
___inthi_sp                  stack        000000
___intlo_sp                  stack        000000
___param_bank                (abs)        000000
___rparam_used               (abs)        000001
___sp                        stack        000000
__accesstop                  (abs)        000060
__activetblptr               (abs)        000002
__end_of__initialization     cinit        00749C
__end_of_main                text0        00756A
__end_of_secuencial_Efecto1  text6        007828
__end_of_secuencial_Efecto2  text5        007B14
__end_of_secuencial_Efecto3  text4        00798A
__end_of_secuencial_Efecto4  text3        007CC6
__end_of_secuencial_Efecto5  text2        008000
__end_of_secuencial_Efecto6  text1        0076C6
__initialization             cinit        00747C
__mediumconst                mediumconst  000000
__pcinit                     cinit        00747C
__pcstackCOMRAM              cstackCOMRAM 000001
__pdataCOMRAM                dataCOMRAM   00000D
__pidataCOMRAM               idataCOMRAM  007477
__ptext0                     text0        0074A6
__ptext1                     text1        00756A
__ptext2                     text2        007CC6
__ptext3                     text3        007B14
__ptext4                     text4        007828
__ptext5                     text5        00798A
__ptext6                     text6        0076C6
__ramtop                     ramtop       000800
__size_of_main               (abs)        000000
__size_of_secuencial_Efecto1 (abs)        000000
__size_of_secuencial_Efecto2 (abs)        000000
__size_of_secuencial_Efecto3 (abs)        000000
__size_of_secuencial_Efecto4 (abs)        000000
__size_of_secuencial_Efecto5 (abs)        000000
__size_of_secuencial_Efecto6 (abs)        000000
__smallconst                 smallconst   000000
_efecto                      dataCOMRAM   000011
_main                        text0        0074A6
_secuencial_Efecto1          text6        0076C6
_secuencial_Efecto2          text5        00798A
_secuencial_Efecto3          text4        007828
_secuencial_Efecto4          text3        007B14
_secuencial_Efecto5          text2        007CC6
_secuencial_Efecto6          text1        00756A
_velocidad                   dataCOMRAM   00000D
end_of_initialization        cinit        00749C
intlevel0                    text         000000
intlevel1                    text         000000
intlevel2                    text         000000
intlevel3                    text         000000
secuencial_Efecto1@i         cstackCOMRAM 000003
secuencial_Efecto2@i         cstackCOMRAM 000007
secuencial_Efecto2@j         cstackCOMRAM 000005
secuencial_Efecto3@i         cstackCOMRAM 000003
secuencial_Efecto4@i         cstackCOMRAM 000004
secuencial_Efecto4@m         cstackCOMRAM 000006
secuencial_Efecto4@n         cstackCOMRAM 000008
secuencial_Efecto5@i         cstackCOMRAM 000007
secuencial_Efecto5@j         cstackCOMRAM 000009
secuencial_Efecto6@i         cstackCOMRAM 000003
stackhi                      (abs)        0007FF
stacklo                      (abs)        000060
start                        init         000000
start_initialization         cinit        00747C


FUNCTION INFORMATION:

 *************** function _main *****************
 Defined at:
		line 35 in file "secuencia_main.c"
 Parameters:    Size  Location     Type
		None
 Auto vars:     Size  Location     Type
		None
 Return value:  Size  Location     Type
                  2   32[None  ] int 
 Registers used:
		wreg, status,2, status,0, cstack
 Tracked objects:
		On entry : 
		On exit  : 
		Unchanged: 
 Data sizes:     COMRAM   BANK0   BANK1   BANK2   BANK3   BANK4   BANK5   BANK6   BANK7
      Params:         0       0       0       0       0       0       0       0       0
      Locals:         0       0       0       0       0       0       0       0       0
      Temps:          2       0       0       0       0       0       0       0       0
      Totals:         2       0       0       0       0       0       0       0       0
Total ram usage:        2 bytes
 Hardware stack levels required when called:    1
 This function calls:
		_secuencial_Efecto1
		_secuencial_Efecto2
		_secuencial_Efecto3
		_secuencial_Efecto4
		_secuencial_Efecto5
		_secuencial_Efecto6
 This function is called by:
		Startup code after reset
 This function uses a non-reentrant model


 *************** function _secuencial_Efecto6 *****************
 Defined at:
		line 160 in file "secuencia_main.c"
 Parameters:    Size  Location     Type
		None
 Auto vars:     Size  Location     Type
  i               2    2[COMRAM] int 
 Return value:  Size  Location     Type
                  1    wreg      void 
 Registers used:
		wreg, status,2, status,0
 Tracked objects:
		On entry : 
		On exit  : 
		Unchanged: 
 Data sizes:     COMRAM   BANK0   BANK1   BANK2   BANK3   BANK4   BANK5   BANK6   BANK7
      Params:         0       0       0       0       0       0       0       0       0
      Locals:         2       0       0       0       0       0       0       0       0
      Temps:          2       0       0       0       0       0       0       0       0
      Totals:         4       0       0       0       0       0       0       0       0
Total ram usage:        4 bytes
 Hardware stack levels used:    1
 This function calls:
		Nothing
 This function is called by:
		_main
 This function uses a non-reentrant model


 *************** function _secuencial_Efecto5 *****************
 Defined at:
		line 129 in file "secuencia_main.c"
 Parameters:    Size  Location     Type
		None
 Auto vars:     Size  Location     Type
  j               2    8[COMRAM] int 
  i               2    6[COMRAM] int 
 Return value:  Size  Location     Type
                  1    wreg      void 
 Registers used:
		wreg, status,2, status,0
 Tracked objects:
		On entry : 
		On exit  : 
		Unchanged: 
 Data sizes:     COMRAM   BANK0   BANK1   BANK2   BANK3   BANK4   BANK5   BANK6   BANK7
      Params:         0       0       0       0       0       0       0       0       0
      Locals:         4       0       0       0       0       0       0       0       0
      Temps:          6       0       0       0       0       0       0       0       0
      Totals:        10       0       0       0       0       0       0       0       0
Total ram usage:       10 bytes
 Hardware stack levels used:    1
 This function calls:
		Nothing
 This function is called by:
		_main
 This function uses a non-reentrant model


 *************** function _secuencial_Efecto4 *****************
 Defined at:
		line 111 in file "secuencia_main.c"
 Parameters:    Size  Location     Type
		None
 Auto vars:     Size  Location     Type
  i               2    3[COMRAM] int 
  n               2    7[COMRAM] volatile unsigned int 
  m               2    5[COMRAM] volatile unsigned int 
 Return value:  Size  Location     Type
                  1    wreg      void 
 Registers used:
		wreg, status,2, status,0
 Tracked objects:
		On entry : 
		On exit  : 
		Unchanged: 
 Data sizes:     COMRAM   BANK0   BANK1   BANK2   BANK3   BANK4   BANK5   BANK6   BANK7
      Params:         0       0       0       0       0       0       0       0       0
      Locals:         6       0       0       0       0       0       0       0       0
      Temps:          3       0       0       0       0       0       0       0       0
      Totals:         9       0       0       0       0       0       0       0       0
Total ram usage:        9 bytes
 Hardware stack levels used:    1
 This function calls:
		Nothing
 This function is called by:
		_main
 This function uses a non-reentrant model


 *************** function _secuencial_Efecto3 *****************
 Defined at:
		line 96 in file "secuencia_main.c"
 Parameters:    Size  Location     Type
		None
 Auto vars:     Size  Location     Type
  i               2    2[COMRAM] int 
 Return value:  Size  Location     Type
                  1    wreg      void 
 Registers used:
		wreg, status,2, status,0
 Tracked objects:
		On entry : 
		On exit  : 
		Unchanged: 
 Data sizes:     COMRAM   BANK0   BANK1   BANK2   BANK3   BANK4   BANK5   BANK6   BANK7
      Params:         0       0       0       0       0       0       0       0       0
      Locals:         2       0       0       0       0       0       0       0       0
      Temps:          2       0       0       0       0       0       0       0       0
      Totals:         4       0       0       0       0       0       0       0       0
Total ram usage:        4 bytes
 Hardware stack levels used:    1
 This function calls:
		Nothing
 This function is called by:
		_main
 This function uses a non-reentrant model


 *************** function _secuencial_Efecto2 *****************
 Defined at:
		line 81 in file "secuencia_main.c"
 Parameters:    Size  Location     Type
		None
 Auto vars:     Size  Location     Type
  i               2    6[COMRAM] int 
  j               2    4[COMRAM] int 
 Return value:  Size  Location     Type
                  1    wreg      void 
 Registers used:
		wreg, status,2, status,0
 Tracked objects:
		On entry : 
		On exit  : 
		Unchanged: 
 Data sizes:     COMRAM   BANK0   BANK1   BANK2   BANK3   BANK4   BANK5   BANK6   BANK7
      Params:         0       0       0       0       0       0       0       0       0
      Locals:         4       0       0       0       0       0       0       0       0
      Temps:          4       0       0       0       0       0       0       0       0
      Totals:         8       0       0       0       0       0       0       0       0
Total ram usage:        8 bytes
 Hardware stack levels used:    1
 This function calls:
		Nothing
 This function is called by:
		_main
 This function uses a non-reentrant model


 *************** function _secuencial_Efecto1 *****************
 Defined at:
		line 66 in file "secuencia_main.c"
 Parameters:    Size  Location     Type
		None
 Auto vars:     Size  Location     Type
  i               2    2[COMRAM] int 
 Return value:  Size  Location     Type
                  1    wreg      void 
 Registers used:
		wreg, status,2, status,0
 Tracked objects:
		On entry : 
		On exit  : 
		Unchanged: 
 Data sizes:     COMRAM   BANK0   BANK1   BANK2   BANK3   BANK4   BANK5   BANK6   BANK7
      Params:         0       0       0       0       0       0       0       0       0
      Locals:         2       0       0       0       0       0       0       0       0
      Temps:          2       0       0       0       0       0       0       0       0
      Totals:         4       0       0       0       0       0       0       0       0
Total ram usage:        4 bytes
 Hardware stack levels used:    1
 This function calls:
		Nothing
 This function is called by:
		_main
 This function uses a non-reentrant model



MODULE INFORMATION

Module		Function		Class		Link	Load	Size
shared
		__initialization		CODE           	747C	0000	32

shared estimated size: 32

secuencia_main.c
		_main          		CODE           	74A6	0000	196
		_secuencial_Efecto1		CODE           	76C6	0000	354
		_secuencial_Efecto2		CODE           	798A	0000	394
		_secuencial_Efecto3		CODE           	7828	0000	354
		_secuencial_Efecto4		CODE           	7B14	0000	434
		_secuencial_Efecto5		CODE           	7CC6	0000	826
		_secuencial_Efecto6		CODE           	756A	0000	348

secuencia_main.c estimated size: 2906

